
In [1]: from pygram import Telegram

In [2]: telegram = Telegram('123456789:valid')

In [3]: telegram.get_me()
Out[3]:
{'ok': True,
 'result': {'id': 123456789,
 'is_bot': True,
 'first_name': 'Datalore',
 'username': 'datalorebot',
 'can_join_groups': True,
 'can_read_all_group_messages': False,
 'supports_inline_queries': False}}

In [4]: telegram = Telegram('123456789:invalid')

In [5]: telegram.get_me()
Out[5]: {'ok': False, 'error_code': 401, 'description': 'Unauthorized'}

